com/trycloud/step_definitions/US13_Steps.class
com/trycloud/utilities/BrowserUtils$1.class
com/trycloud/step_definitions/US12_Steps.class
com/trycloud/utilities/BrowserUtils.class
com/trycloud/step_definitions/US6_Steps.class
com/trycloud/step_definitions/US11_Steps.class
com/trycloud/step_definitions/US5_Steps.class
com/trycloud/step_definitions/US10_Steps.class
com/trycloud/pages/ContactsPage.class
com/trycloud/pages/TalkPage.class
com/trycloud/pages/FilesPage.class
com/trycloud/step_definitions/US7_Steps.class
com/trycloud/pages/BasePage.class
com/trycloud/step_definitions/US8_Steps.class
com/trycloud/runners/FailedTestRunner.class
com/trycloud/step_definitions/US9_Steps.class
com/trycloud/step_definitions/US14_Steps.class
com/trycloud/pages/US9page.class
com/trycloud/pages/DashboardCommon.class
com/trycloud/pages/FileFavoritesPage.class
com/trycloud/step_definitions/Hooks.class
com/trycloud/step_definitions/US4_Steps.class
com/trycloud/runners/CukesRunner.class
com/trycloud/pages/LoginPage.class
com/trycloud/utilities/Config.class
com/trycloud/step_definitions/US3_Steps.class
com/trycloud/utilities/Driver.class
com/trycloud/step_definitions/US2_Steps.class
com/trycloud/step_definitions/US1_Steps.class
com/trycloud/pages/US8page.class
