D:\a\TryCloud-Collaboration-MiniGroup\TryCloud-Collaboration-MiniGroup\src\test\java\com\trycloud\step_definitions\US7_Steps.java
D:\a\TryCloud-Collaboration-MiniGroup\TryCloud-Collaboration-MiniGroup\src\test\java\com\trycloud\pages\FileFavoritesPage.java
D:\a\TryCloud-Collaboration-MiniGroup\TryCloud-Collaboration-MiniGroup\src\test\java\com\trycloud\step_definitions\US3_Steps.java
D:\a\TryCloud-Collaboration-MiniGroup\TryCloud-Collaboration-MiniGroup\src\test\java\com\trycloud\pages\FilesPage.java
D:\a\TryCloud-Collaboration-MiniGroup\TryCloud-Collaboration-MiniGroup\src\test\java\com\trycloud\step_definitions\US12_Steps.java
D:\a\TryCloud-Collaboration-MiniGroup\TryCloud-Collaboration-MiniGroup\src\test\java\com\trycloud\utilities\Driver.java
D:\a\TryCloud-Collaboration-MiniGroup\TryCloud-Collaboration-MiniGroup\src\test\java\com\trycloud\step_definitions\US4_Steps.java
D:\a\TryCloud-Collaboration-MiniGroup\TryCloud-Collaboration-MiniGroup\src\test\java\com\trycloud\runners\FailedTestRunner.java
D:\a\TryCloud-Collaboration-MiniGroup\TryCloud-Collaboration-MiniGroup\src\test\java\com\trycloud\step_definitions\US9_Steps.java
D:\a\TryCloud-Collaboration-MiniGroup\TryCloud-Collaboration-MiniGroup\src\test\java\com\trycloud\step_definitions\US1_Steps.java
D:\a\TryCloud-Collaboration-MiniGroup\TryCloud-Collaboration-MiniGroup\src\test\java\com\trycloud\utilities\Config.java
D:\a\TryCloud-Collaboration-MiniGroup\TryCloud-Collaboration-MiniGroup\src\test\java\com\trycloud\pages\US8page.java
D:\a\TryCloud-Collaboration-MiniGroup\TryCloud-Collaboration-MiniGroup\src\test\java\com\trycloud\step_definitions\US11_Steps.java
D:\a\TryCloud-Collaboration-MiniGroup\TryCloud-Collaboration-MiniGroup\src\test\java\com\trycloud\utilities\BrowserUtils.java
D:\a\TryCloud-Collaboration-MiniGroup\TryCloud-Collaboration-MiniGroup\src\test\java\com\trycloud\step_definitions\US5_Steps.java
D:\a\TryCloud-Collaboration-MiniGroup\TryCloud-Collaboration-MiniGroup\src\test\java\com\trycloud\step_definitions\US8_Steps.java
D:\a\TryCloud-Collaboration-MiniGroup\TryCloud-Collaboration-MiniGroup\src\test\java\com\trycloud\pages\ContactsPage.java
D:\a\TryCloud-Collaboration-MiniGroup\TryCloud-Collaboration-MiniGroup\src\test\java\com\trycloud\runners\CukesRunner.java
D:\a\TryCloud-Collaboration-MiniGroup\TryCloud-Collaboration-MiniGroup\src\test\java\com\trycloud\step_definitions\US2_Steps.java
D:\a\TryCloud-Collaboration-MiniGroup\TryCloud-Collaboration-MiniGroup\src\test\java\com\trycloud\pages\BasePage.java
D:\a\TryCloud-Collaboration-MiniGroup\TryCloud-Collaboration-MiniGroup\src\test\java\com\trycloud\step_definitions\US10_Steps.java
D:\a\TryCloud-Collaboration-MiniGroup\TryCloud-Collaboration-MiniGroup\src\test\java\com\trycloud\step_definitions\US14_Steps.java
D:\a\TryCloud-Collaboration-MiniGroup\TryCloud-Collaboration-MiniGroup\src\test\java\com\trycloud\pages\DashboardCommon.java
D:\a\TryCloud-Collaboration-MiniGroup\TryCloud-Collaboration-MiniGroup\src\test\java\com\trycloud\step_definitions\US6_Steps.java
D:\a\TryCloud-Collaboration-MiniGroup\TryCloud-Collaboration-MiniGroup\src\test\java\com\trycloud\pages\LoginPage.java
D:\a\TryCloud-Collaboration-MiniGroup\TryCloud-Collaboration-MiniGroup\src\test\java\com\trycloud\pages\US9page.java
D:\a\TryCloud-Collaboration-MiniGroup\TryCloud-Collaboration-MiniGroup\src\test\java\com\trycloud\step_definitions\Hooks.java
D:\a\TryCloud-Collaboration-MiniGroup\TryCloud-Collaboration-MiniGroup\src\test\java\com\trycloud\step_definitions\US13_Steps.java
D:\a\TryCloud-Collaboration-MiniGroup\TryCloud-Collaboration-MiniGroup\src\test\java\com\trycloud\pages\TalkPage.java
